╔════════════════════════════[1;38;5;250m files [0m════════════════════════════╗╭───────────────────────────[38;5;250m summary [0m───────────────────────────╮      
║[1;97mName[0m                                                           ║│[1;97mTag[0m                                                 [1;97m [0m    [1;97mAmount[0m│      
║[38;5;212m[38;5;212mfile1.csv[0m                                                      [0m║│[38;5;212m[38;5;212m[0m                                                    [38;5;212m [0m[38;5;212m    -81.40[0m[0m│      
║[38;5;250m[38;5;250mfile2.csv[0m                                                      [0m║│[38;5;250m[38;5;250m[1;97mTotal[0m[0m                                               [38;5;250m [0m[38;5;250m[1;97m    -81.40[0m[0m[0m│      
╚═══════════════════════════════════════════════════════════════╝╰───────────────────────────────────────────────────────────────╯      
╭──────────────────────────────────────────────────────────[38;5;250m statements [0m──────────────────────────────────────────────────────────╮      
│[1;97mField[0m          [1;97m [0m[1;97mValue[0m                                                                                                           │      
│[38;5;212m[38;5;212mDate[0m           [38;5;212m [0m[38;5;212m2026-01-28[0m                                                                                                      [0m│      
│[38;5;250m[38;5;250mAmount[0m         [38;5;250m [0m[38;5;250m-81.40[0m                                                                                                          [0m│      
│[38;5;250m[38;5;250mDetails[0m        [38;5;250m [0m[38;5;250mMessage 1[0m                                                                                                       [0m│      
│[38;5;250m[38;5;250mTag[0m            [38;5;250m [0m[38;5;250m[0m                                                                                                                [0m│      
│                                                                                                                                │      
│                                                                                                                                │      
│                                                                                                                                │      
│                                                                                                                                │      
│                                                                                                                                │      
╰────────────────────────────────────────────────────────────────────────────────────────────────────────────────────────────────╯      
[97;106m[0m                                                                                                                                        
[38;5;172mctrl+c[0m [38;5;130mQuit the application[0m[38;5;172m • [0m[38;5;172malt+c[0m [38;5;130mClear the status bar[0m[38;5;172m • [0m[38;5;172mf[0m [38;5;130mToggle full screen mode[0m[38;5;172m • [0m[38;5;172menter[0m [38;5;130mOpen the selected file[0m[38;5;172m • [0m[38;5;172mr[0m [38;5;130mReload the files[0m